(0000) 3000  0011000000000000 (   1)                 .ORIG x3000
(3000) 2C22  0010110000100010 (   2)                 LD    R6 stack
(3001) 221D  0010001000011101 (   4)                 LD    R1 vec
(3002) 241D  0010010000011101 (   5)                 LD    R2 rupt
(3003) 7440  0111010001000000 (   6)                 STR   R2 R1 #0
(3004) 281C  0010100000011100 (   9)                 LD    R4 IE
(3005) 993F  1001100100111111 (  10)                 NOT   R4 R4
(3006) A61B  1010011000011011 (  11)                 LDI   R3 KBSR
(3007) 96FF  1001011011111111 (  12)                 NOT   R3 R3
(3008) 56C4  0101011011000100 (  13)                 AND   R3 R3 R4
(3009) 96FF  1001011011111111 (  14)                 NOT   R3 R3
(300A) B617  1011011000010111 (  15)                 STI   R3 KBSR
(300B) 482B  0100100000101011 (  18) show            JSR   DELAY
(300C) 5260  0101001001100000 (  20)                 AND   R1 R1 #0
(300D) 127A  0001001001111010 (  21)                 ADD   R1 R1 #-6
(300E) E015  1110000000010101 (  22) ag              LEA   R0 ics1
(300F) F022  1111000000100010 (  23)                 TRAP  x22
(3010) 1261  0001001001100001 (  24)                 ADD   R1 R1 #1
(3011) 0BFC  0000101111111100 (  25)                 BRNP  ag
(3012) 2023  0010000000100011 (  26)                 LD    R0 hang
(3013) F021  1111000000100001 (  27)                 TRAP  x21
(3014) 0E00  0000111000000000 (  28)                 BRNZP sec
(3015) 5260  0101001001100000 (  32) sec             AND   R1 R1 #0
(3016) 127B  0001001001111011 (  33)                 ADD   R1 R1 #-5
(3017) E015  1110000000010101 (  34) aga             LEA   R0 ics2
(3018) F022  1111000000100010 (  35)                 TRAP  x22
(3019) 1261  0001001001100001 (  36)                 ADD   R1 R1 #1
(301A) 0BFC  0000101111111100 (  37)                 BRNP  aga
(301B) 201A  0010000000011010 (  38)                 LD    R0 hang
(301C) F021  1111000000100001 (  39)                 TRAP  x21
(301D) 0FED  0000111111101101 (  40)                 BRNZP show
(301E) F025  1111000000100101 (  41)                 TRAP  x25
(301F) 0180  0000000110000000 (  44) vec             .FILL x0180
(3020) 2000  0010000000000000 (  45) rupt            .FILL x2000
(3021) 4000  0100000000000000 (  46) IE              .FILL x4000
(3022) FE00  1111111000000000 (  47) KBSR            .FILL xFE00
(3023) 3000  0011000000000000 (  50) stack           .FILL x3000
(3024) 0049  0000000001001001 (  51) ics1            .FILL x0049
(3025) 0043  0000000001000011 (  51)                 .FILL x0043
(3026) 0053  0000000001010011 (  51)                 .FILL x0053
(3027) 0020  0000000000100000 (  51)                 .FILL x0020
(3028) 0020  0000000000100000 (  51)                 .FILL x0020
(3029) 0020  0000000000100000 (  51)                 .FILL x0020
(302A) 0020  0000000000100000 (  51)                 .FILL x0020
(302B) 0020  0000000000100000 (  51)                 .FILL x0020
(302C) 0000  0000000000000000 (  51)                 .FILL x0000
(302D) 0020  0000000000100000 (  52) ics2            .FILL x0020
(302E) 0020  0000000000100000 (  52)                 .FILL x0020
(302F) 0020  0000000000100000 (  52)                 .FILL x0020
(3030) 0020  0000000000100000 (  52)                 .FILL x0020
(3031) 0020  0000000000100000 (  52)                 .FILL x0020
(3032) 0049  0000000001001001 (  52)                 .FILL x0049
(3033) 0043  0000000001000011 (  52)                 .FILL x0043
(3034) 0053  0000000001010011 (  52)                 .FILL x0053
(3035) 0000  0000000000000000 (  52)                 .FILL x0000
(3036) 000A  0000000000001010 (  53) hang            .FILL x000A
(3037) 3206  0011001000000110 (  55) DELAY           ST    R1 SaveR1
(3038) 2204  0010001000000100 (  56)                 LD    R1 COUNT
(3039) 127F  0001001001111111 (  57) REP             ADD   R1 R1 #-1
(303A) 03FE  0000001111111110 (  58)                 BRP   REP
(303B) 2202  0010001000000010 (  59)                 LD    R1 SaveR1
(303C) C1C0  1100000111000000 (  60)                 RET   
(303D) 4000  0100000000000000 (  61) COUNT           .FILL x4000
(303E) 0000  0000000000000000 (  64) SaveR1          .FILL x0000
