(0000) 2000  0010000000000000 (   1)                 .ORIG x2000
(2000) 3020  0011000000100000 (   2)                 ST    R0 SR0
(2001) 3220  0011001000100000 (   3)                 ST    R1 SR1
(2002) 3420  0011010000100000 (   4)                 ST    R2 SR2
(2003) 3620  0011011000100000 (   5)                 ST    R3 SR3
(2004) 3820  0011100000100000 (   6)                 ST    R4 SR4
(2005) 3E20  0011111000100000 (   7)                 ST    R7 SR7
(2006) 2420  0010010000100000 (   9)                 LD    R2 hang
(2007) E620  1110011000100000 (  10)                 LEA   R3 data
(2008) A283  1010001010000011 (  12) START           LDI   R1 KBSR
(2009) 07FE  0000011111111110 (  13)                 BRZP  START
(200A) A082  1010000010000010 (  14)                 LDI   R0 KBDR
(200B) A282  1010001010000010 (  17) ECHO            LDI   R1 DSR
(200C) 07FE  0000011111111110 (  18)                 BRZP  ECHO
(200D) B081  1011000010000001 (  19)                 STI   R0 DDR
(200E) 1802  0001100000000010 (  21)                 ADD   R4 R0 R2
(200F) 0403  0000010000000011 (  22)                 BRZ   next
(2010) 70C0  0111000011000000 (  23)                 STR   R0 R3 #0
(2011) 16E1  0001011011100001 (  24)                 ADD   R3 R3 #1
(2012) 0FF5  0000111111110101 (  25)                 BRNZP START
(2013) 5920  0101100100100000 (  27) next            AND   R4 R4 #0
(2014) 1936  0001100100110110 (  28)                 ADD   R4 R4 #-10
(2015) E012  1110000000010010 (  29)                 LEA   R0 data
(2016) 4879  0100100001111001 (  30) aga             JSR   show
(2017) 1921  0001100100100001 (  31)                 ADD   R4 R4 #1
(2018) 0401  0000010000000001 (  32)                 BRZ   done
(2019) 0FFC  0000111111111100 (  33)                 BRNZP aga
(201A) 2006  0010000000000110 (  35) done            LD    R0 SR0
(201B) 2206  0010001000000110 (  36)                 LD    R1 SR1
(201C) 2406  0010010000000110 (  37)                 LD    R2 SR2
(201D) 2606  0010011000000110 (  38)                 LD    R3 SR3
(201E) 2806  0010100000000110 (  39)                 LD    R4 SR4
(201F) 2E06  0010111000000110 (  40)                 LD    R7 SR7
(2020) 8000  1000000000000000 (  41)                 RTI   
(2021) 0000  0000000000000000 (  43) SR0             .FILL x0000
(2022) 0000  0000000000000000 (  44) SR1             .FILL x0000
(2023) 0000  0000000000000000 (  45) SR2             .FILL x0000
(2024) 0000  0000000000000000 (  46) SR3             .FILL x0000
(2025) 0000  0000000000000000 (  47) SR4             .FILL x0000
(2026) 0000  0000000000000000 (  48) SR7             .FILL x0000
(2027) FFF6  1111111111110110 (  49) hang            .FILL xFFF6
(2028) 0000  0000000000000000 (  51) data            .FILL x0000
(2029) 0000  0000000000000000 (  51)                 .FILL x0000
(202A) 0000  0000000000000000 (  51)                 .FILL x0000
(202B) 0000  0000000000000000 (  51)                 .FILL x0000
(202C) 0000  0000000000000000 (  51)                 .FILL x0000
(202D) 0000  0000000000000000 (  51)                 .FILL x0000
(202E) 0000  0000000000000000 (  51)                 .FILL x0000
(202F) 0000  0000000000000000 (  51)                 .FILL x0000
(2030) 0000  0000000000000000 (  51)                 .FILL x0000
(2031) 0000  0000000000000000 (  51)                 .FILL x0000
(2032) 0000  0000000000000000 (  51)                 .FILL x0000
(2033) 0000  0000000000000000 (  51)                 .FILL x0000
(2034) 0000  0000000000000000 (  51)                 .FILL x0000
(2035) 0000  0000000000000000 (  51)                 .FILL x0000
(2036) 0000  0000000000000000 (  51)                 .FILL x0000
(2037) 0000  0000000000000000 (  51)                 .FILL x0000
(2038) 0000  0000000000000000 (  51)                 .FILL x0000
(2039) 0000  0000000000000000 (  51)                 .FILL x0000
(203A) 0000  0000000000000000 (  51)                 .FILL x0000
(203B) 0000  0000000000000000 (  51)                 .FILL x0000
(203C) 0000  0000000000000000 (  51)                 .FILL x0000
(203D) 0000  0000000000000000 (  51)                 .FILL x0000
(203E) 0000  0000000000000000 (  51)                 .FILL x0000
(203F) 0000  0000000000000000 (  51)                 .FILL x0000
(2040) 0000  0000000000000000 (  51)                 .FILL x0000
(2041) 0000  0000000000000000 (  51)                 .FILL x0000
(2042) 0000  0000000000000000 (  51)                 .FILL x0000
(2043) 0000  0000000000000000 (  51)                 .FILL x0000
(2044) 0000  0000000000000000 (  51)                 .FILL x0000
(2045) 0000  0000000000000000 (  51)                 .FILL x0000
(2046) 0000  0000000000000000 (  51)                 .FILL x0000
(2047) 0000  0000000000000000 (  51)                 .FILL x0000
(2048) 0000  0000000000000000 (  51)                 .FILL x0000
(2049) 0000  0000000000000000 (  51)                 .FILL x0000
(204A) 0000  0000000000000000 (  51)                 .FILL x0000
(204B) 0000  0000000000000000 (  51)                 .FILL x0000
(204C) 0000  0000000000000000 (  51)                 .FILL x0000
(204D) 0000  0000000000000000 (  51)                 .FILL x0000
(204E) 0000  0000000000000000 (  51)                 .FILL x0000
(204F) 0000  0000000000000000 (  51)                 .FILL x0000
(2050) 0000  0000000000000000 (  51)                 .FILL x0000
(2051) 0000  0000000000000000 (  51)                 .FILL x0000
(2052) 0000  0000000000000000 (  51)                 .FILL x0000
(2053) 0000  0000000000000000 (  51)                 .FILL x0000
(2054) 0000  0000000000000000 (  51)                 .FILL x0000
(2055) 0000  0000000000000000 (  51)                 .FILL x0000
(2056) 0000  0000000000000000 (  51)                 .FILL x0000
(2057) 0000  0000000000000000 (  51)                 .FILL x0000
(2058) 0000  0000000000000000 (  51)                 .FILL x0000
(2059) 0000  0000000000000000 (  51)                 .FILL x0000
(205A) 0000  0000000000000000 (  51)                 .FILL x0000
(205B) 0000  0000000000000000 (  51)                 .FILL x0000
(205C) 0000  0000000000000000 (  51)                 .FILL x0000
(205D) 0000  0000000000000000 (  51)                 .FILL x0000
(205E) 0000  0000000000000000 (  51)                 .FILL x0000
(205F) 0000  0000000000000000 (  51)                 .FILL x0000
(2060) 0000  0000000000000000 (  51)                 .FILL x0000
(2061) 0000  0000000000000000 (  51)                 .FILL x0000
(2062) 0000  0000000000000000 (  51)                 .FILL x0000
(2063) 0000  0000000000000000 (  51)                 .FILL x0000
(2064) 0000  0000000000000000 (  51)                 .FILL x0000
(2065) 0000  0000000000000000 (  51)                 .FILL x0000
(2066) 0000  0000000000000000 (  51)                 .FILL x0000
(2067) 0000  0000000000000000 (  51)                 .FILL x0000
(2068) 0000  0000000000000000 (  51)                 .FILL x0000
(2069) 0000  0000000000000000 (  51)                 .FILL x0000
(206A) 0000  0000000000000000 (  51)                 .FILL x0000
(206B) 0000  0000000000000000 (  51)                 .FILL x0000
(206C) 0000  0000000000000000 (  51)                 .FILL x0000
(206D) 0000  0000000000000000 (  51)                 .FILL x0000
(206E) 0000  0000000000000000 (  51)                 .FILL x0000
(206F) 0000  0000000000000000 (  51)                 .FILL x0000
(2070) 0000  0000000000000000 (  51)                 .FILL x0000
(2071) 0000  0000000000000000 (  51)                 .FILL x0000
(2072) 0000  0000000000000000 (  51)                 .FILL x0000
(2073) 0000  0000000000000000 (  51)                 .FILL x0000
(2074) 0000  0000000000000000 (  51)                 .FILL x0000
(2075) 0000  0000000000000000 (  51)                 .FILL x0000
(2076) 0000  0000000000000000 (  51)                 .FILL x0000
(2077) 0000  0000000000000000 (  51)                 .FILL x0000
(2078) 0000  0000000000000000 (  51)                 .FILL x0000
(2079) 0000  0000000000000000 (  51)                 .FILL x0000
(207A) 0000  0000000000000000 (  51)                 .FILL x0000
(207B) 0000  0000000000000000 (  51)                 .FILL x0000
(207C) 0000  0000000000000000 (  51)                 .FILL x0000
(207D) 0000  0000000000000000 (  51)                 .FILL x0000
(207E) 0000  0000000000000000 (  51)                 .FILL x0000
(207F) 0000  0000000000000000 (  51)                 .FILL x0000
(2080) 0000  0000000000000000 (  51)                 .FILL x0000
(2081) 0000  0000000000000000 (  51)                 .FILL x0000
(2082) 0000  0000000000000000 (  51)                 .FILL x0000
(2083) 0000  0000000000000000 (  51)                 .FILL x0000
(2084) 0000  0000000000000000 (  51)                 .FILL x0000
(2085) 0000  0000000000000000 (  51)                 .FILL x0000
(2086) 0000  0000000000000000 (  51)                 .FILL x0000
(2087) 0000  0000000000000000 (  51)                 .FILL x0000
(2088) 0000  0000000000000000 (  51)                 .FILL x0000
(2089) 0000  0000000000000000 (  51)                 .FILL x0000
(208A) 0000  0000000000000000 (  51)                 .FILL x0000
(208B) 0000  0000000000000000 (  51)                 .FILL x0000
(208C) FE00  1111111000000000 (  51) KBSR            .FILL xFE00
(208D) FE02  1111111000000010 (  52) KBDR            .FILL xFE02
(208E) FE04  1111111000000100 (  53) DSR             .FILL xFE04
(208F) FE06  1111111000000110 (  54) DDR             .FILL xFE06
(2090) 3E12  0011111000010010 (  59) show            ST    R7 SAVER7
(2091) 300E  0011000000001110 (  60)                 ST    R0 SAVER0
(2092) 320E  0011001000001110 (  61)                 ST    R1 SAVER1
(2093) 360E  0011011000001110 (  62)                 ST    R3 SAVER3
(2094) 6200  0110001000000000 (  64) LOOP            LDR   R1 R0 #0
(2095) 0405  0000010000000101 (  65)                 BRZ   return
(2096) A7F7  1010011111110111 (  66) L2              LDI   R3 DSR
(2097) 07FE  0000011111111110 (  67)                 BRZP  L2
(2098) B3F6  1011001111110110 (  68)                 STI   R1 DDR
(2099) 1021  0001000000100001 (  69)                 ADD   R0 R0 #1
(209A) 0FF9  0000111111111001 (  70)                 BRNZP LOOP
(209B) 2606  0010011000000110 (  72) return          LD    R3 SAVER3
(209C) 2204  0010001000000100 (  73)                 LD    R1 SAVER1
(209D) 2002  0010000000000010 (  74)                 LD    R0 SAVER0
(209E) 2E04  0010111000000100 (  75)                 LD    R7 SAVER7
(209F) C1C0  1100000111000000 (  76)                 RET   
(20A0) 0000  0000000000000000 (  78) SAVER0          .FILL x0000
(20A1) 0000  0000000000000000 (  79) SAVER1          .FILL x0000
(20A2) 0000  0000000000000000 (  80) SAVER3          .FILL x0000
(20A3) 0000  0000000000000000 (  81) SAVER7          .FILL x0000
